---
source: src/prompts/select.rs
---
state: Active
message: test message
hint: hint message
placeholder: none
input(none):
body(raw):
[38;5;10mâ—‰[39m [4mValue1[0m
[38;5;8mâ—¯[39m [38;5;8mValue2[39m
[38;5;8mâ—¯[39m [38;5;8mValue3[39m
