---
source: src/prompts/input.rs
---
state: Active
message: test message
hint: hint message
placeholder: none
input(cursor): | 
body(none):
