---
source: src/prompts/multi_select.rs
---
state: Active
message: test message
hint: none
placeholder: none
input(none):
body(raw):
[38;5;8mâ—¯[39m [4mValue1[0m
[38;5;8mâ—¯[39m [38;5;8mValue2[39m
[38;5;8mâ—¯[39m [38;5;8mValue3[39m
[38;5;8mâ—¯[39m [38;5;8mValue4[39m
[38;5;8mâ—¯[39m [38;5;8mValue5[39m
---
state: Active
input(none):
body(raw):
[38;5;10mâ—‰[39m [4mValue1[0m
[38;5;10mâ—‰[39m [38;5;8mValue2[39m
[38;5;10mâ—‰[39m [38;5;8mValue3[39m
[38;5;10mâ—‰[39m [38;5;8mValue4[39m
[38;5;10mâ—‰[39m [38;5;8mValue5[39m
---
state: Active
input(none):
body(raw):
[38;5;8mâ—¯[39m [4mValue1[0m
[38;5;8mâ—¯[39m [38;5;8mValue2[39m
[38;5;8mâ—¯[39m [38;5;8mValue3[39m
[38;5;8mâ—¯[39m [38;5;8mValue4[39m
[38;5;8mâ—¯[39m [38;5;8mValue5[39m
---
state: Active
input(none):
body(raw):
[38;5;8mâ—¯[39m [38;5;8mValue1[39m
[38;5;8mâ—¯[39m [4mValue2[0m
[38;5;8mâ—¯[39m [38;5;8mValue3[39m
[38;5;8mâ—¯[39m [38;5;8mValue4[39m
[38;5;8mâ—¯[39m [38;5;8mValue5[39m
---
state: Active
input(none):
body(raw):
[38;5;8mâ—¯[39m [38;5;8mValue1[39m
[38;5;10mâ—‰[39m [4mValue2[0m
[38;5;8mâ—¯[39m [38;5;8mValue3[39m
[38;5;8mâ—¯[39m [38;5;8mValue4[39m
[38;5;8mâ—¯[39m [38;5;8mValue5[39m
---
state: Active
input(none):
body(raw):
[38;5;8mâ—¯[39m [38;5;8mValue1[39m
[38;5;10mâ—‰[39m [38;5;8mValue2[39m
[38;5;8mâ—¯[39m [4mValue3[0m
[38;5;8mâ—¯[39m [38;5;8mValue4[39m
[38;5;8mâ—¯[39m [38;5;8mValue5[39m
---
state: Active
input(none):
body(raw):
[38;5;8mâ—¯[39m [38;5;8mValue1[39m
[38;5;10mâ—‰[39m [38;5;8mValue2[39m
[38;5;10mâ—‰[39m [4mValue3[0m
[38;5;8mâ—¯[39m [38;5;8mValue4[39m
[38;5;8mâ—¯[39m [38;5;8mValue5[39m
---
state: Active
input(none):
body(raw):
[38;5;10mâ—‰[39m [38;5;8mValue1[39m
[38;5;8mâ—¯[39m [38;5;8mValue2[39m
[38;5;8mâ—¯[39m [4mValue3[0m
[38;5;10mâ—‰[39m [38;5;8mValue4[39m
[38;5;10mâ—‰[39m [38;5;8mValue5[39m
---
state: Submit
input(raw): Value1, Value4, Value5
body(none):
