---
source: tests/themes.rs
---
[38;5;14mâ—†[39m  [1mDummyPrompt[0m
[38;5;14mâ””[39m
[38;5;10mâ—‡[39m  [1mDummyPrompt[0m
[38;5;8mâ”‚[39m
[38;5;14mâ—†[39m  [1mDummyPrompt[0m
[38;5;14mâ”‚[39m  Raw
[38;5;14mâ””[39m
[38;5;10mâ—‡[39m  [1mDummyPrompt[0m
[38;5;8mâ”‚[39m  [38;5;8mRaw[39m
[38;5;8mâ”‚[39m
[38;5;14mâ—†[39m  [1mDummyPrompt[0m
[38;5;14mâ”‚[39m  Cursor[7m [0m
[38;5;14mâ””[39m
[38;5;10mâ—‡[39m  [1mDummyPrompt[0m
[38;5;8mâ”‚[39m  [38;5;8mCursor[39m
[38;5;8mâ”‚[39m
[38;5;14mâ—†[39m  [1mDummyPrompt[0m
[38;5;14mâ”‚[39m  Raw
[38;5;14mâ”‚[39m  Raw1
[38;5;14mâ”‚[39m  Raw2
[38;5;14mâ”‚[39m  Raw3
[38;5;14mâ””[39m
[38;5;10mâ—‡[39m  [1mDummyPrompt[0m
[38;5;8mâ”‚[39m  [38;5;8mRaw[39m
[38;5;8mâ”‚[39m  [38;5;8mRaw1[39m
[38;5;8mâ”‚[39m  [38;5;8mRaw2[39m
[38;5;8mâ”‚[39m  [38;5;8mRaw3[39m
[38;5;8mâ”‚[39m
[38;5;14mâ—†[39m  [1mDummyPrompt[0m
[38;5;14mâ”‚[39m  Cursor[7m [0m
[38;5;14mâ”‚[39m  Raw1
[38;5;14mâ”‚[39m  Raw2
[38;5;14mâ”‚[39m  Raw3
[38;5;14mâ””[39m
[38;5;10mâ—‡[39m  [1mDummyPrompt[0m
[38;5;8mâ”‚[39m  [38;5;8mCursor[39m
[38;5;8mâ”‚[39m  [38;5;8mRaw1[39m
[38;5;8mâ”‚[39m  [38;5;8mRaw2[39m
[38;5;8mâ”‚[39m  [38;5;8mRaw3[39m
[38;5;8mâ”‚[39m

